Deadlock
Cypher
Deadlock
Deadlock
Deadlock
Cypher
Deadlock
Deadlock
Deadlock
Cypher
Cypher
Deadlock
Cypher
Deadlock
Cypher
Cypher
Deadlock
Cypher
Cypher
Deadlock
Deadlock
Deadlock
Deadlock
Deadlock
Deadlock
Cypher
Deadlock
Cypher
Cypher
Deadlock
Deadlock
Cypher
Cypher
Cypher
Cypher
Cypher
Cypher
Cypher
Deadlock
Cypher
Cypher
Deadlock
Deadlock
Cypher
Deadlock
Deadlock
Cypher
Deadlock
Cypher
Cypher
Deadlock
Deadlock
Cypher
Deadlock
Deadlock
Deadlock
Cypher
Deadlock
Cypher
Cypher
Cypher
Deadlock
Deadlock
Cypher
Deadlock
Cypher
Cypher
Deadlock
Deadlock
Deadlock
Deadlock
Cypher
Cypher
Cypher
Cypher
Cypher
Deadlock
Cypher
Deadlock
Cypher
Cypher
Cypher
Cypher
Cypher
Deadlock
Cypher
Deadlock
Cypher
Cypher
Cypher
Deadlock
Cypher
Cypher
Cypher
Deadlock
Cypher
Cypher
Deadlock
Deadlock
Cypher
